{"versionStr":"00000049999999","errs":[]}
{"versionStr":"10000003647819","errs":[{"componentName":"prerelease","name":"PrecisionLossError"}]}
{"versionStr":"10000007384889","errs":[{"componentName":"prereleaseNumericComponent","name":"OverflowError"}]}
{"versionStr":"10000007384889","errs":[{"componentName":"prereleaseNumericComponent","name":"OverflowError"}]}
{"versionStr":"10000007384889","errs":[{"componentName":"prereleaseNumericComponent","name":"OverflowError"}]}
{"versionStr":"10000007384889","errs":[{"componentName":"prereleaseNumericComponent","name":"OverflowError"}]}
{"versionStr":"10000007384889","errs":[{"componentName":"prereleaseNumericComponent","name":"OverflowError"}]}
{"versionStr":"10000007384889","errs":[{"componentName":"prereleaseNumericComponent","name":"OverflowError"}]}
{"versionStr":"10000007384889","errs":[{"componentName":"prereleaseNumericComponent","name":"OverflowError"}]}
{"versionStr":"10000007384889","errs":[{"componentName":"prereleaseNumericComponent","name":"OverflowError"}]}
{"versionStr":"10000007477929","errs":[{"componentName":"prereleaseNumericComponent","name":"OverflowError"}]}
{"versionStr":"10000009075000","errs":[{"componentName":"prerelease","name":"PrecisionLossError"}]}
{"versionStr":"10000009075000","errs":[{"componentName":"prerelease","name":"PrecisionLossError"}]}
{"versionStr":"10000009075000","errs":[{"componentName":"prerelease","name":"PrecisionLossError"}]}
{"versionStr":"10000009075379","errs":[{"componentName":"prereleaseNumericComponent","name":"OverflowError"}]}
{"versionStr":"10000009075390","errs":[]}
{"versionStr":"10000009999999","errs":[]}
{"versionStr":"10000009999999","errs":[]}
{"versionStr":"10000019075001","errs":[{"componentName":"prerelease","name":"PrecisionLossError"}]}
{"versionStr":"10000019075367","errs":[{"componentName":"prerelease","name":"PrecisionLossError"}]}
{"versionStr":"10000128890779","errs":[{"componentName":"prereleaseNumericComponent","name":"OverflowError"}]}
{"versionStr":"10000129999999","errs":[]}
{"versionStr":"10000129999999","errs":[]}
{"versionStr":"10000179999999","errs":[]}
{"versionStr":"10000234646469","errs":[{"componentName":"prereleaseNumericComponent","name":"OverflowError"}]}
{"versionStr":"10000234646469","errs":[{"componentName":"prereleaseNumericComponent","name":"OverflowError"}]}
{"versionStr":"10000234646469","errs":[{"componentName":"prereleaseNumericComponent","name":"OverflowError"}]}
{"versionStr":"10000236560479","errs":[{"componentName":"prereleaseNumericComponent","name":"OverflowError"}]}
{"versionStr":"10000237477929","errs":[{"componentName":"prereleaseNumericComponent","name":"OverflowError"}]}
{"versionStr":"10000239999999","errs":[]}
{"versionStr":"20000009075000","errs":[{"componentName":"prerelease","name":"PrecisionLossError"}]}
{"versionStr":"20000009999999","errs":[]}
{"versionStr":"20000009999999","errs":[]}
{"versionStr":"20000010012270","errs":[]}
{"versionStr":"20000010012280","errs":[]}
{"versionStr":"20000017384889","errs":[{"componentName":"prereleaseNumericComponent","name":"OverflowError"}]}
{"versionStr":"100000235051689","errs":[{"componentName":"prereleaseNumericComponent","name":"OverflowError"}]}
{"versionStr":"100002099999999","errs":[{"componentName":"patch","name":"OverflowError"}]}
{"versionStr":"999999999999999","errs":[{"componentName":"major","name":"OverflowError"}]}
{"versionStr":"999999999999999","errs":[{"componentName":"major","name":"OverflowError"}]}
{"versionStr":"999999999999999","errs":[{"componentName":"major","name":"OverflowError"}]}