{"versionStr":"000049999999999","errs":[]}
{"versionStr":"100003647819185","errs":[{"componentName":"prereleaseNumericComponent","name":"OverflowError"},{"componentName":"prerelease","name":"PrecisionLossError"}]}
{"versionStr":"100007384889999","errs":[{"componentName":"prereleaseNumericComponent","name":"OverflowError"}]}
{"versionStr":"100007384889999","errs":[{"componentName":"prereleaseNumericComponent","name":"OverflowError"}]}
{"versionStr":"100007384889999","errs":[{"componentName":"prereleaseNumericComponent","name":"OverflowError"}]}
{"versionStr":"100007384889999","errs":[{"componentName":"prereleaseNumericComponent","name":"OverflowError"}]}
{"versionStr":"100007384889999","errs":[{"componentName":"prereleaseNumericComponent","name":"OverflowError"}]}
{"versionStr":"100007384889999","errs":[{"componentName":"prereleaseNumericComponent","name":"OverflowError"}]}
{"versionStr":"100007384889999","errs":[{"componentName":"prereleaseNumericComponent","name":"OverflowError"}]}
{"versionStr":"100007384889999","errs":[{"componentName":"prereleaseNumericComponent","name":"OverflowError"}]}
{"versionStr":"100007477929999","errs":[{"componentName":"prereleaseNumericComponent","name":"OverflowError"}]}
{"versionStr":"100009075000001","errs":[]}
{"versionStr":"100009075000003","errs":[]}
{"versionStr":"100009075000012","errs":[]}
{"versionStr":"100009075379999","errs":[{"componentName":"prereleaseNumericComponent","name":"OverflowError"}]}
{"versionStr":"100009075390000","errs":[]}
{"versionStr":"100009999999999","errs":[]}
{"versionStr":"100009999999999","errs":[]}
{"versionStr":"100019075000999","errs":[]}
{"versionStr":"100019075367300","errs":[]}
{"versionStr":"101028890779999","errs":[{"componentName":"prereleaseNumericComponent","name":"OverflowError"}]}
{"versionStr":"101029999999999","errs":[]}
{"versionStr":"101029999999999","errs":[]}
{"versionStr":"101079999999999","errs":[]}
{"versionStr":"102034646469999","errs":[{"componentName":"prereleaseNumericComponent","name":"OverflowError"}]}
{"versionStr":"102034646469999","errs":[{"componentName":"prereleaseNumericComponent","name":"OverflowError"}]}
{"versionStr":"102034646469999","errs":[{"componentName":"prereleaseNumericComponent","name":"OverflowError"}]}
{"versionStr":"102036560479999","errs":[{"componentName":"prereleaseNumericComponent","name":"OverflowError"}]}
{"versionStr":"102037477929999","errs":[{"componentName":"prereleaseNumericComponent","name":"OverflowError"}]}
{"versionStr":"102039999999999","errs":[]}
{"versionStr":"200009075000001","errs":[]}
{"versionStr":"200009999999999","errs":[]}
{"versionStr":"200009999999999","errs":[]}
{"versionStr":"200010012270000","errs":[]}
{"versionStr":"200010012280000","errs":[]}
{"versionStr":"200017384889999","errs":[{"componentName":"prereleaseNumericComponent","name":"OverflowError"}]}
{"versionStr":"1002035051689999","errs":[{"componentName":"prereleaseNumericComponent","name":"OverflowError"}]}
{"versionStr":"1020309999999999","errs":[]}
{"versionStr":"9999999999999999","errs":[{"componentName":"major","name":"OverflowError"}]}
{"versionStr":"9999999999999999","errs":[{"componentName":"major","name":"OverflowError"}]}
{"versionStr":"9999999999999999","errs":[{"componentName":"major","name":"OverflowError"}]}