{"versionStr":"00000000000000004","errs":[]}
{"versionStr":"10000000000000000","errs":[]}
{"versionStr":"10000000000000000","errs":[]}
{"versionStr":"10000000000000000","errs":[]}
{"versionStr":"10000000000000000","errs":[]}
{"versionStr":"10000000000000000","errs":[]}
{"versionStr":"10000000000000000","errs":[]}
{"versionStr":"10000000000000000","errs":[]}
{"versionStr":"10000000000000000","errs":[]}
{"versionStr":"10000000000000000","errs":[]}
{"versionStr":"10000000000000000","errs":[]}
{"versionStr":"10000000000000000","errs":[]}
{"versionStr":"10000000000000000","errs":[]}
{"versionStr":"10000000000000000","errs":[]}
{"versionStr":"10000000000000000","errs":[]}
{"versionStr":"10000000000000000","errs":[]}
{"versionStr":"10000000000000000","errs":[]}
{"versionStr":"10000000000000000","errs":[]}
{"versionStr":"10000000000000001","errs":[]}
{"versionStr":"10000000000000001","errs":[]}
{"versionStr":"10010000000000002","errs":[]}
{"versionStr":"10010000000000002","errs":[]}
{"versionStr":"10010000000000002","errs":[]}
{"versionStr":"10010000000000007","errs":[]}
{"versionStr":"10020000000000003","errs":[]}
{"versionStr":"10020000000000003","errs":[]}
{"versionStr":"10020000000000003","errs":[]}
{"versionStr":"10020000000000003","errs":[]}
{"versionStr":"10020000000000003","errs":[]}
{"versionStr":"10020000000000003","errs":[]}
{"versionStr":"20000000000000000","errs":[]}
{"versionStr":"20000000000000000","errs":[]}
{"versionStr":"20000000000000000","errs":[]}
{"versionStr":"20000000000000001","errs":[]}
{"versionStr":"20000000000000001","errs":[]}
{"versionStr":"20000000000000001","errs":[]}
{"versionStr":"100020000000000003","errs":[]}
{"versionStr":"100200000000000030","errs":[]}
{"versionStr":"9223372036854775807","errs":[]}
{"versionStr":"9223372036854775807","errs":[{"componentName":"semverint","name":"OverflowError"}]}
{"versionStr":"9999999999999999999","errs":[{"componentName":"major","name":"OverflowError"}]}