{"versionStr":"","errs":[{"componentName":"major","name":"OverflowError"}]}
{"versionStr":"","errs":[{"componentName":"major","name":"OverflowError"}]}
{"versionStr":"","errs":[{"componentName":"major","name":"OverflowError"}]}
{"versionStr":"","errs":[{"componentName":"major","name":"OverflowError"}]}
{"versionStr":"","errs":[{"componentName":"major","name":"OverflowError"}]}
{"versionStr":"","errs":[{"componentName":"major","name":"OverflowError"}]}
{"versionStr":"","errs":[{"componentName":"major","name":"OverflowError"}]}
{"versionStr":"","errs":[{"componentName":"major","name":"OverflowError"}]}
{"versionStr":"","errs":[{"componentName":"major","name":"OverflowError"}]}
{"versionStr":"","errs":[{"componentName":"major","name":"OverflowError"}]}
{"versionStr":"","errs":[{"componentName":"major","name":"OverflowError"}]}
{"versionStr":"","errs":[{"componentName":"major","name":"OverflowError"}]}
{"versionStr":"","errs":[{"componentName":"major","name":"OverflowError"}]}
{"versionStr":"","errs":[{"componentName":"major","name":"OverflowError"}]}
{"versionStr":"","errs":[{"componentName":"major","name":"OverflowError"}]}
{"versionStr":"","errs":[{"componentName":"major","name":"OverflowError"}]}
{"versionStr":"","errs":[{"componentName":"major","name":"OverflowError"}]}
{"versionStr":"","errs":[{"componentName":"major","name":"OverflowError"}]}
{"versionStr":"","errs":[{"componentName":"major","name":"OverflowError"}]}
{"versionStr":"","errs":[{"componentName":"major","name":"OverflowError"}]}
{"versionStr":"","errs":[{"componentName":"major","name":"OverflowError"}]}
{"versionStr":"","errs":[{"componentName":"major","name":"OverflowError"}]}
{"versionStr":"","errs":[{"componentName":"major","name":"OverflowError"}]}
{"versionStr":"","errs":[{"componentName":"major","name":"OverflowError"}]}
{"versionStr":"","errs":[{"componentName":"major","name":"OverflowError"}]}
{"versionStr":"","errs":[{"componentName":"major","name":"OverflowError"}]}
{"versionStr":"","errs":[{"componentName":"major","name":"OverflowError"}]}
{"versionStr":"","errs":[{"componentName":"major","name":"OverflowError"}]}
{"versionStr":"","errs":[{"componentName":"major","name":"OverflowError"}]}
{"versionStr":"","errs":[{"componentName":"major","name":"OverflowError"}]}
{"versionStr":"","errs":[{"componentName":"major","name":"OverflowError"}]}
{"versionStr":"","errs":[{"componentName":"major","name":"OverflowError"}]}
{"versionStr":"","errs":[{"componentName":"major","name":"OverflowError"}]}
{"versionStr":"","errs":[{"componentName":"major","name":"OverflowError"}]}
{"versionStr":"","errs":[{"componentName":"major","name":"OverflowError"}]}
{"versionStr":"","errs":[{"componentName":"major","name":"OverflowError"}]}
{"versionStr":"","errs":[{"componentName":"major","name":"OverflowError"}]}
{"versionStr":"","errs":[{"componentName":"major","name":"OverflowError"}]}
{"versionStr":"","errs":[{"componentName":"major","name":"OverflowError"}]}
{"versionStr":"","errs":[{"componentName":"major","name":"OverflowError"}]}
{"versionStr":"","errs":[{"componentName":"major","name":"OverflowError"}]}