{"versionStr":"99999999999999","errs":[{"componentName":"major","name":"OverflowError"}]}
{"versionStr":"99999999999999","errs":[{"componentName":"major","name":"OverflowError"}]}
{"versionStr":"99999999999999","errs":[{"componentName":"major","name":"OverflowError"}]}
{"versionStr":"99999999999999","errs":[{"componentName":"major","name":"OverflowError"}]}
{"versionStr":"99999999999999","errs":[{"componentName":"major","name":"OverflowError"}]}
{"versionStr":"99999999999999","errs":[{"componentName":"major","name":"OverflowError"}]}
{"versionStr":"99999999999999","errs":[{"componentName":"major","name":"OverflowError"}]}
{"versionStr":"99999999999999","errs":[{"componentName":"major","name":"OverflowError"}]}
{"versionStr":"99999999999999","errs":[{"componentName":"major","name":"OverflowError"}]}
{"versionStr":"99999999999999","errs":[{"componentName":"major","name":"OverflowError"}]}
{"versionStr":"99999999999999","errs":[{"componentName":"major","name":"OverflowError"}]}
{"versionStr":"99999999999999","errs":[{"componentName":"major","name":"OverflowError"}]}
{"versionStr":"99999999999999","errs":[{"componentName":"major","name":"OverflowError"}]}
{"versionStr":"99999999999999","errs":[{"componentName":"major","name":"OverflowError"}]}
{"versionStr":"99999999999999","errs":[{"componentName":"major","name":"OverflowError"}]}
{"versionStr":"99999999999999","errs":[{"componentName":"major","name":"OverflowError"}]}
{"versionStr":"99999999999999","errs":[{"componentName":"major","name":"OverflowError"}]}
{"versionStr":"99999999999999","errs":[{"componentName":"major","name":"OverflowError"}]}
{"versionStr":"99999999999999","errs":[{"componentName":"major","name":"OverflowError"}]}
{"versionStr":"99999999999999","errs":[{"componentName":"major","name":"OverflowError"}]}
{"versionStr":"99999999999999","errs":[{"componentName":"major","name":"OverflowError"}]}
{"versionStr":"99999999999999","errs":[{"componentName":"major","name":"OverflowError"}]}
{"versionStr":"99999999999999","errs":[{"componentName":"major","name":"OverflowError"}]}
{"versionStr":"99999999999999","errs":[{"componentName":"major","name":"OverflowError"}]}
{"versionStr":"99999999999999","errs":[{"componentName":"major","name":"OverflowError"}]}
{"versionStr":"99999999999999","errs":[{"componentName":"major","name":"OverflowError"}]}
{"versionStr":"99999999999999","errs":[{"componentName":"major","name":"OverflowError"}]}
{"versionStr":"99999999999999","errs":[{"componentName":"major","name":"OverflowError"}]}
{"versionStr":"99999999999999","errs":[{"componentName":"major","name":"OverflowError"}]}
{"versionStr":"99999999999999","errs":[{"componentName":"major","name":"OverflowError"}]}
{"versionStr":"99999999999999","errs":[{"componentName":"major","name":"OverflowError"}]}
{"versionStr":"99999999999999","errs":[{"componentName":"major","name":"OverflowError"}]}
{"versionStr":"99999999999999","errs":[{"componentName":"major","name":"OverflowError"}]}
{"versionStr":"99999999999999","errs":[{"componentName":"major","name":"OverflowError"}]}
{"versionStr":"99999999999999","errs":[{"componentName":"major","name":"OverflowError"}]}
{"versionStr":"99999999999999","errs":[{"componentName":"major","name":"OverflowError"}]}
{"versionStr":"99999999999999","errs":[{"componentName":"major","name":"OverflowError"}]}
{"versionStr":"99999999999999","errs":[{"componentName":"major","name":"OverflowError"}]}
{"versionStr":"99999999999999","errs":[{"componentName":"major","name":"OverflowError"}]}
{"versionStr":"99999999999999","errs":[{"componentName":"major","name":"OverflowError"}]}
{"versionStr":"99999999999999","errs":[{"componentName":"major","name":"OverflowError"}]}