{"versionStr":"0999999999","errs":[{"componentName":"minor","name":"OverflowError"}]}
{"versionStr":"1999999999","errs":[{"componentName":"minor","name":"OverflowError"}]}
{"versionStr":"1999999999","errs":[{"componentName":"minor","name":"OverflowError"}]}
{"versionStr":"1999999999","errs":[{"componentName":"minor","name":"OverflowError"}]}
{"versionStr":"1999999999","errs":[{"componentName":"minor","name":"OverflowError"}]}
{"versionStr":"1999999999","errs":[{"componentName":"minor","name":"OverflowError"}]}
{"versionStr":"1999999999","errs":[{"componentName":"minor","name":"OverflowError"}]}
{"versionStr":"1999999999","errs":[{"componentName":"minor","name":"OverflowError"}]}
{"versionStr":"1999999999","errs":[{"componentName":"minor","name":"OverflowError"}]}
{"versionStr":"1999999999","errs":[{"componentName":"minor","name":"OverflowError"}]}
{"versionStr":"1999999999","errs":[{"componentName":"minor","name":"OverflowError"}]}
{"versionStr":"1999999999","errs":[{"componentName":"minor","name":"OverflowError"}]}
{"versionStr":"1999999999","errs":[{"componentName":"minor","name":"OverflowError"}]}
{"versionStr":"1999999999","errs":[{"componentName":"minor","name":"OverflowError"}]}
{"versionStr":"1999999999","errs":[{"componentName":"minor","name":"OverflowError"}]}
{"versionStr":"1999999999","errs":[{"componentName":"minor","name":"OverflowError"}]}
{"versionStr":"1999999999","errs":[{"componentName":"minor","name":"OverflowError"}]}
{"versionStr":"1999999999","errs":[{"componentName":"minor","name":"OverflowError"}]}
{"versionStr":"1999999999","errs":[{"componentName":"minor","name":"OverflowError"}]}
{"versionStr":"1999999999","errs":[{"componentName":"minor","name":"OverflowError"}]}
{"versionStr":"1999999999","errs":[{"componentName":"minor","name":"OverflowError"}]}
{"versionStr":"1999999999","errs":[{"componentName":"minor","name":"OverflowError"}]}
{"versionStr":"1999999999","errs":[{"componentName":"minor","name":"OverflowError"}]}
{"versionStr":"1999999999","errs":[{"componentName":"minor","name":"OverflowError"}]}
{"versionStr":"1999999999","errs":[{"componentName":"minor","name":"OverflowError"}]}
{"versionStr":"1999999999","errs":[{"componentName":"minor","name":"OverflowError"}]}
{"versionStr":"1999999999","errs":[{"componentName":"minor","name":"OverflowError"}]}
{"versionStr":"1999999999","errs":[{"componentName":"minor","name":"OverflowError"}]}
{"versionStr":"1999999999","errs":[{"componentName":"minor","name":"OverflowError"}]}
{"versionStr":"1999999999","errs":[{"componentName":"minor","name":"OverflowError"}]}
{"versionStr":"2999999999","errs":[{"componentName":"minor","name":"OverflowError"}]}
{"versionStr":"2999999999","errs":[{"componentName":"minor","name":"OverflowError"}]}
{"versionStr":"2999999999","errs":[{"componentName":"minor","name":"OverflowError"}]}
{"versionStr":"2999999999","errs":[{"componentName":"minor","name":"OverflowError"}]}
{"versionStr":"2999999999","errs":[{"componentName":"minor","name":"OverflowError"}]}
{"versionStr":"2999999999","errs":[{"componentName":"minor","name":"OverflowError"}]}
{"versionStr":"10999999999","errs":[{"componentName":"minor","name":"OverflowError"}]}
{"versionStr":"10999999999","errs":[{"componentName":"minor","name":"OverflowError"}]}
{"versionStr":"922999999999","errs":[{"componentName":"minor","name":"OverflowError"}]}
{"versionStr":"922999999999","errs":[{"componentName":"minor","name":"OverflowError"}]}
{"versionStr":"999999999999","errs":[{"componentName":"major","name":"OverflowError"}]}