{"versionStr":"0000999999","errs":[{"componentName":"patch","name":"OverflowError"}]}
{"versionStr":"1000999999","errs":[{"componentName":"patch","name":"OverflowError"}]}
{"versionStr":"1000999999","errs":[{"componentName":"patch","name":"OverflowError"}]}
{"versionStr":"1000999999","errs":[{"componentName":"patch","name":"OverflowError"}]}
{"versionStr":"1000999999","errs":[{"componentName":"patch","name":"OverflowError"}]}
{"versionStr":"1000999999","errs":[{"componentName":"patch","name":"OverflowError"}]}
{"versionStr":"1000999999","errs":[{"componentName":"patch","name":"OverflowError"}]}
{"versionStr":"1000999999","errs":[{"componentName":"patch","name":"OverflowError"}]}
{"versionStr":"1000999999","errs":[{"componentName":"patch","name":"OverflowError"}]}
{"versionStr":"1000999999","errs":[{"componentName":"patch","name":"OverflowError"}]}
{"versionStr":"1000999999","errs":[{"componentName":"patch","name":"OverflowError"}]}
{"versionStr":"1000999999","errs":[{"componentName":"patch","name":"OverflowError"}]}
{"versionStr":"1000999999","errs":[{"componentName":"patch","name":"OverflowError"}]}
{"versionStr":"1000999999","errs":[{"componentName":"patch","name":"OverflowError"}]}
{"versionStr":"1000999999","errs":[{"componentName":"patch","name":"OverflowError"}]}
{"versionStr":"1000999999","errs":[{"componentName":"patch","name":"OverflowError"}]}
{"versionStr":"1000999999","errs":[{"componentName":"patch","name":"OverflowError"}]}
{"versionStr":"1000999999","errs":[{"componentName":"patch","name":"OverflowError"}]}
{"versionStr":"1000999999","errs":[{"componentName":"patch","name":"OverflowError"}]}
{"versionStr":"1000999999","errs":[{"componentName":"patch","name":"OverflowError"}]}
{"versionStr":"1001999999","errs":[{"componentName":"patch","name":"OverflowError"}]}
{"versionStr":"1001999999","errs":[{"componentName":"patch","name":"OverflowError"}]}
{"versionStr":"1001999999","errs":[{"componentName":"patch","name":"OverflowError"}]}
{"versionStr":"1001999999","errs":[{"componentName":"patch","name":"OverflowError"}]}
{"versionStr":"1002999999","errs":[{"componentName":"patch","name":"OverflowError"}]}
{"versionStr":"1002999999","errs":[{"componentName":"patch","name":"OverflowError"}]}
{"versionStr":"1002999999","errs":[{"componentName":"patch","name":"OverflowError"}]}
{"versionStr":"1002999999","errs":[{"componentName":"patch","name":"OverflowError"}]}
{"versionStr":"1002999999","errs":[{"componentName":"patch","name":"OverflowError"}]}
{"versionStr":"1002999999","errs":[{"componentName":"patch","name":"OverflowError"}]}
{"versionStr":"2000999999","errs":[{"componentName":"patch","name":"OverflowError"}]}
{"versionStr":"2000999999","errs":[{"componentName":"patch","name":"OverflowError"}]}
{"versionStr":"2000999999","errs":[{"componentName":"patch","name":"OverflowError"}]}
{"versionStr":"2000999999","errs":[{"componentName":"patch","name":"OverflowError"}]}
{"versionStr":"2000999999","errs":[{"componentName":"patch","name":"OverflowError"}]}
{"versionStr":"2000999999","errs":[{"componentName":"patch","name":"OverflowError"}]}
{"versionStr":"10002999999","errs":[{"componentName":"patch","name":"OverflowError"}]}
{"versionStr":"10020999999","errs":[{"componentName":"patch","name":"OverflowError"}]}
{"versionStr":"922337999999","errs":[{"componentName":"patch","name":"OverflowError"}]}
{"versionStr":"922337999999","errs":[{"componentName":"patch","name":"OverflowError"}]}
{"versionStr":"999999999999","errs":[{"componentName":"major","name":"OverflowError"}]}