{"versionStr":"0000004","errs":[]}
{"versionStr":"1000000","errs":[{"componentName":"prerelease","name":"OverflowError"}]}
{"versionStr":"1000000","errs":[{"componentName":"prerelease","name":"OverflowError"}]}
{"versionStr":"1000000","errs":[{"componentName":"prerelease","name":"OverflowError"}]}
{"versionStr":"1000000","errs":[{"componentName":"prerelease","name":"OverflowError"}]}
{"versionStr":"1000000","errs":[{"componentName":"prerelease","name":"OverflowError"}]}
{"versionStr":"1000000","errs":[{"componentName":"prerelease","name":"OverflowError"}]}
{"versionStr":"1000000","errs":[{"componentName":"prerelease","name":"OverflowError"}]}
{"versionStr":"1000000","errs":[{"componentName":"prerelease","name":"OverflowError"}]}
{"versionStr":"1000000","errs":[{"componentName":"prerelease","name":"OverflowError"}]}
{"versionStr":"1000000","errs":[{"componentName":"prerelease","name":"OverflowError"}]}
{"versionStr":"1000000","errs":[{"componentName":"prerelease","name":"OverflowError"}]}
{"versionStr":"1000000","errs":[{"componentName":"prerelease","name":"OverflowError"}]}
{"versionStr":"1000000","errs":[{"componentName":"prerelease","name":"OverflowError"}]}
{"versionStr":"1000000","errs":[{"componentName":"prerelease","name":"OverflowError"}]}
{"versionStr":"1000000","errs":[{"componentName":"prerelease","name":"OverflowError"}]}
{"versionStr":"1000000","errs":[]}
{"versionStr":"1000000","errs":[]}
{"versionStr":"1000001","errs":[{"componentName":"prerelease","name":"OverflowError"}]}
{"versionStr":"1000001","errs":[{"componentName":"prerelease","name":"OverflowError"}]}
{"versionStr":"1001002","errs":[{"componentName":"prerelease","name":"OverflowError"}]}
{"versionStr":"1001002","errs":[]}
{"versionStr":"1001002","errs":[]}
{"versionStr":"1001007","errs":[]}
{"versionStr":"1002003","errs":[{"componentName":"prerelease","name":"OverflowError"}]}
{"versionStr":"1002003","errs":[{"componentName":"prerelease","name":"OverflowError"}]}
{"versionStr":"1002003","errs":[{"componentName":"prerelease","name":"OverflowError"}]}
{"versionStr":"1002003","errs":[{"componentName":"prerelease","name":"OverflowError"}]}
{"versionStr":"1002003","errs":[{"componentName":"prerelease","name":"OverflowError"}]}
{"versionStr":"1002003","errs":[]}
{"versionStr":"2000000","errs":[{"componentName":"prerelease","name":"OverflowError"}]}
{"versionStr":"2000000","errs":[]}
{"versionStr":"2000000","errs":[]}
{"versionStr":"2000001","errs":[{"componentName":"prerelease","name":"OverflowError"}]}
{"versionStr":"2000001","errs":[{"componentName":"prerelease","name":"OverflowError"}]}
{"versionStr":"2000001","errs":[{"componentName":"prerelease","name":"OverflowError"}]}
{"versionStr":"10002003","errs":[{"componentName":"prerelease","name":"OverflowError"}]}
{"versionStr":"10020030","errs":[]}
{"versionStr":"922337999","errs":[{"componentName":"patch","name":"OverflowError"}]}
{"versionStr":"922337999","errs":[{"componentName":"patch","name":"OverflowError"}]}
{"versionStr":"999999999","errs":[{"componentName":"major","name":"OverflowError"}]}