{"versionStr":"0000004999999","errs":[]}
{"versionStr":"1000000399999","errs":[{"componentName":"prereleaseNumericComponent","name":"OverflowError"}]}
{"versionStr":"1000000799999","errs":[{"componentName":"prereleaseNumericComponent","name":"OverflowError"}]}
{"versionStr":"1000000799999","errs":[{"componentName":"prereleaseNumericComponent","name":"OverflowError"}]}
{"versionStr":"1000000799999","errs":[{"componentName":"prereleaseNumericComponent","name":"OverflowError"}]}
{"versionStr":"1000000799999","errs":[{"componentName":"prereleaseNumericComponent","name":"OverflowError"}]}
{"versionStr":"1000000799999","errs":[{"componentName":"prereleaseNumericComponent","name":"OverflowError"}]}
{"versionStr":"1000000799999","errs":[{"componentName":"prereleaseNumericComponent","name":"OverflowError"}]}
{"versionStr":"1000000799999","errs":[{"componentName":"prereleaseNumericComponent","name":"OverflowError"}]}
{"versionStr":"1000000799999","errs":[{"componentName":"prereleaseNumericComponent","name":"OverflowError"}]}
{"versionStr":"1000000799999","errs":[{"componentName":"prereleaseNumericComponent","name":"OverflowError"}]}
{"versionStr":"1000000999999","errs":[{"componentName":"prereleaseNumericComponent","name":"OverflowError"}]}
{"versionStr":"1000000999999","errs":[{"componentName":"prereleaseNumericComponent","name":"OverflowError"}]}
{"versionStr":"1000000999999","errs":[{"componentName":"prereleaseNumericComponent","name":"OverflowError"}]}
{"versionStr":"1000000999999","errs":[{"componentName":"prereleaseNumericComponent","name":"OverflowError"}]}
{"versionStr":"1000000999999","errs":[{"componentName":"prereleaseNumericComponent","name":"OverflowError"}]}
{"versionStr":"1000000999999","errs":[]}
{"versionStr":"1000000999999","errs":[]}
{"versionStr":"1000001999999","errs":[{"componentName":"prereleaseNumericComponent","name":"OverflowError"}]}
{"versionStr":"1000001999999","errs":[{"componentName":"prereleaseNumericComponent","name":"OverflowError"}]}
{"versionStr":"1001002899999","errs":[{"componentName":"prereleaseNumericComponent","name":"OverflowError"}]}
{"versionStr":"1001002999999","errs":[]}
{"versionStr":"1001002999999","errs":[]}
{"versionStr":"1001007999999","errs":[]}
{"versionStr":"1002003499999","errs":[{"componentName":"prereleaseNumericComponent","name":"OverflowError"}]}
{"versionStr":"1002003499999","errs":[{"componentName":"prereleaseNumericComponent","name":"OverflowError"}]}
{"versionStr":"1002003499999","errs":[{"componentName":"prereleaseNumericComponent","name":"OverflowError"}]}
{"versionStr":"1002003699999","errs":[{"componentName":"prereleaseNumericComponent","name":"OverflowError"}]}
{"versionStr":"1002003799999","errs":[{"componentName":"prereleaseNumericComponent","name":"OverflowError"}]}
{"versionStr":"1002003999999","errs":[]}
{"versionStr":"2000000999999","errs":[{"componentName":"prereleaseNumericComponent","name":"OverflowError"}]}
{"versionStr":"2000000999999","errs":[]}
{"versionStr":"2000000999999","errs":[]}
{"versionStr":"2000001200000","errs":[]}
{"versionStr":"2000001200000","errs":[]}
{"versionStr":"2000001799999","errs":[{"componentName":"prereleaseNumericComponent","name":"OverflowError"}]}
{"versionStr":"10002003599999","errs":[{"componentName":"prereleaseNumericComponent","name":"OverflowError"}]}
{"versionStr":"10020030999999","errs":[]}
{"versionStr":"922337999999999","errs":[{"componentName":"patch","name":"OverflowError"}]}
{"versionStr":"922337999999999","errs":[{"componentName":"patch","name":"OverflowError"}]}
{"versionStr":"999999999999999","errs":[{"componentName":"major","name":"OverflowError"}]}