{"versionStr":"0000004999999","errs":[]}
{"versionStr":"1000000082929","errs":[{"componentName":"prereleaseNumericComponent","name":"OverflowError"},{"componentName":"prerelease","name":"PrecisionLossError"}]}
{"versionStr":"1000000100000","errs":[]}
{"versionStr":"1000000100000","errs":[]}
{"versionStr":"1000000100010","errs":[]}
{"versionStr":"1000000137959","errs":[{"componentName":"prereleaseNumericComponent","name":"OverflowError"}]}
{"versionStr":"1000000175789","errs":[{"componentName":"prereleaseNumericComponent","name":"OverflowError"}]}
{"versionStr":"1000000175789","errs":[{"componentName":"prereleaseNumericComponent","name":"OverflowError"}]}
{"versionStr":"1000000275479","errs":[{"componentName":"prereleaseNumericComponent","name":"OverflowError"}]}
{"versionStr":"1000000395749","errs":[{"componentName":"prereleaseNumericComponent","name":"OverflowError"}]}
{"versionStr":"1000000400000","errs":[]}
{"versionStr":"1000000600010","errs":[]}
{"versionStr":"1000000600030","errs":[]}
{"versionStr":"1000000600120","errs":[]}
{"versionStr":"1000000700000","errs":[]}
{"versionStr":"1000000800000","errs":[]}
{"versionStr":"1000000999999","errs":[]}
{"versionStr":"1000000999999","errs":[]}
{"versionStr":"1000001609990","errs":[]}
{"versionStr":"1000001637740","errs":[]}
{"versionStr":"1001002900000","errs":[]}
{"versionStr":"1001002999999","errs":[]}
{"versionStr":"1001002999999","errs":[]}
{"versionStr":"1001007999999","errs":[]}
{"versionStr":"1002003400000","errs":[]}
{"versionStr":"1002003999999","errs":[]}
{"versionStr":"2000000600010","errs":[]}
{"versionStr":"2000000999999","errs":[]}
{"versionStr":"2000000999999","errs":[]}
{"versionStr":"2000001000000","errs":[]}
{"versionStr":"2000001000000","errs":[]}
{"versionStr":"2000001112270","errs":[]}
{"versionStr":"10002003500000","errs":[]}
{"versionStr":"10020030999999","errs":[]}
{"versionStr":"999999999999999","errs":[{"componentName":"major","name":"OverflowError"}]}